ASxxxx Linker V03.00 + NoICE + sdld,  page 1.
Hexadecimal  [32-Bits]

Area                                    Addr        Size        Decimal Bytes (Attributes)
--------------------------------        ----        ----        ------- ----- ------------
CABS                                00000000    00000000 =           0. bytes (ABS,CON,CODE)

      Value  Global                              Global Defined In Module
      -----  --------------------------------   ------------------------
C:   00000000  l_BIT_BANK                      
C:   00000000  l_CABS                          
C:   00000000  l_GSINIT1                       
C:   00000000  l_GSINIT5                       
C:   00000000  l_IABS                          
C:   00000000  l_ISEG                          
C:   00000000  l_PSEG                          
C:   00000000  l_REG_BANK_2                    
C:   00000000  l_REG_BANK_3                    
C:   00000000  l_RSEG                          
C:   00000000  l_RSEG0                         
C:   00000000  l_RSEG1                         
C:   00000000  l_XABS                          
C:   00000000  l_XINIT                         
C:   00000000  l_XISEG                         
C:   00000000  l__CODE                         
C:   00000000  s_BSEG                          
C:   00000000  s_CABS                          
C:   00000000  s_DSEG                          
C:   00000000  s_HOME                          
C:   00000000  s_IABS                          
C:   00000000  s_ISEG                          
C:   00000000  s_REG_BANK_0                    
C:   00000000  s_RSEG                          
C:   00000000  s_RSEG0                         
C:   00000000  s_RSEG1                         
C:   00000000  s_XABS                          
C:   00000001  l_BSEG_BYTES                    
C:   00000002  l_BSEG                          
C:   00000003  l_GSFINAL                       
C:   00000003  l_GSINIT0                       
C:   00000003  l_OSEG                          
C:   00000008  l_REG_BANK_0                    
C:   00000008  l_REG_BANK_1                    
C:   00000008  s_REG_BANK_1                    
C:   0000000A  l_GSINIT2                       
C:   00000010  s_REG_BANK_2                    
C:   00000011  l_HOME                          
C:   00000011  s_GSINIT0                       
C:   00000014  s_GSINIT1                       
C:   00000014  s_GSINIT2                       
C:   00000018  s_BIT_BANK                      
C:   00000018  s_REG_BANK_3                    
C:   0000001C  l_GSINIT                        
C:   0000001D  s_OSEG                          
C:   0000001E  s_GSINIT3                       
C:   00000020  s_BSEG_BYTES                    
C:   00000020  s__CODE                         
C:   00000022  l_GSINIT3                       
C:   0000002A  l_GSINIT4                       
ASxxxx Linker V03.00 + NoICE + sdld,  page 2.
Hexadecimal  [32-Bits]

Area                                    Addr        Size        Decimal Bytes (Attributes)
--------------------------------        ----        ----        ------- ----- ------------
CABS                                00000000    00000000 =           0. bytes (ABS,CON,CODE)

      Value  Global                              Global Defined In Module
      -----  --------------------------------   ------------------------
C:   00000040  s_GSINIT4                       
C:   0000004F  s_SSEG                          
C:   0000006A  s_GSINIT                        
C:   0000006A  s_GSINIT5                       
C:   00000080  l_DSEG                          
C:   00000080  s_PSEG                          
C:   00000080  s_XSEG                          
C:   00000086  s_GSFINAL                       
C:   00000089  s_CSEG                          
C:   000000B1  l_SSEG                          
C:   000000B6  l_XSEG                          
C:   000000CA  l_CONST                         
C:   00000100  l_IRAM                          
C:   00000136  s_XISEG                         
C:   00001A1B  l_CSEG                          
C:   00001AA4  s_CONST                         
C:   00001B6E  s_XINIT                         

ASxxxx Linker V03.00 + NoICE + sdld,  page 3.
Hexadecimal  [32-Bits]

Area                                    Addr        Size        Decimal Bytes (Attributes)
--------------------------------        ----        ----        ------- ----- ------------
.  .ABS.                            00000000    00000000 =           0. bytes (ABS,CON)

      Value  Global                              Global Defined In Module
      -----  --------------------------------   ------------------------
     00000000  .__.ABS.                           _startup
     00000000  _RxBuffer                          UsbHost_Mouse
     00000040  _TxBuffer                          UsbHost_Mouse
     00000080  _ADC_CHAN0                         debug
     00000080  _ADC_CTRL                          debug
     00000081  _ADC_CHAN1                         debug
     00000081  _SP                                debug
     00000082  _DPL                               debug
     00000083  _CMP_CHAN                          debug
     00000083  _DPH                               debug
     00000084  _ADC_START                         debug
     00000084  _ROM_ADDR_L                        debug
     00000085  _ADC_IF                            debug
     00000085  _ROM_ADDR_H                        debug
     00000086  _CMP_IF                            debug
     00000086  _ROM_CTRL                          debug
     00000087  _CMPO                              debug
     00000087  _PCON                              debug
     00000088  _IT0                               debug
     00000088  _TCON                              debug
     00000089  _IE0                               debug
     00000089  _TMOD                              debug
     0000008A  _IT1                               debug
     0000008A  _TL0                               debug
     0000008B  _IE1                               debug
     0000008B  _TL1                               debug
     0000008C  _TH0                               debug
     0000008C  _TR0                               debug
     0000008D  _TF0                               debug
     0000008D  _TH1                               debug
     0000008E  _ROM_DATA_L                        debug
     0000008E  _TR1                               debug
     0000008F  _ROM_DATA_H                        debug
     0000008F  _TF1                               debug
     00000090  _CAP1                              debug
     00000090  _P1                                debug
     00000090  _T2                                debug
     00000090  _TIN0                              debug
     00000091  _AIN0                              debug
     00000091  _CAP2                              debug
     00000091  _T2EX                              debug
     00000091  _TIN1                              debug
     00000091  _USB_C_CTRL                        debug
     00000091  _VBUS2                             debug
     00000092  _P1_MOD_OC                         debug
     00000092  _RXD_                              debug
     00000093  _P1_DIR_PU                         debug
     00000093  _TXD_                              debug
     00000094  _AIN1                              debug
     00000094  _CAP1_                             debug
ASxxxx Linker V03.00 + NoICE + sdld,  page 4.
Hexadecimal  [32-Bits]

Area                                    Addr        Size        Decimal Bytes (Attributes)
--------------------------------        ----        ----        ------- ----- ------------
.  .ABS.                            00000000    00000000 =           0. bytes (ABS,CON)

      Value  Global                              Global Defined In Module
      -----  --------------------------------   ------------------------
     00000094  _SCS                               debug
     00000094  _T2_                               debug
     00000094  _TIN2                              debug
     00000094  _UCC1                              debug
     00000095  _AIN2                              debug
     00000095  _MOSI                              debug
     00000095  _PWM1                              debug
     00000095  _TIN3                              debug
     00000095  _UCC2                              debug
     00000096  _MISO                              debug
     00000096  _P3_MOD_OC                         debug
     00000096  _RXD1                              debug
     00000096  _TIN4                              debug
     00000097  _P3_DIR_PU                         debug
     00000097  _SCK                               debug
     00000097  _TIN5                              debug
     00000097  _TXD1                              debug
     00000098  _RI                                debug
     00000098  _SCON                              debug
     00000099  _SBUF                              debug
     00000099  _TI                                debug
     0000009A  _ADC_CFG                           debug
     0000009A  _RB8                               debug
     0000009B  _PWM_DATA2                         debug
     0000009B  _TB8                               debug
     0000009C  _PWM_DATA1                         debug
     0000009C  _REN                               debug
     0000009D  _PWM_CTRL                          debug
     0000009D  _SM2                               debug
     0000009E  _PWM_CK_SE                         debug
     0000009E  _SM1                               debug
     0000009F  _ADC_DATA                          debug
     0000009F  _SM0                               debug
     000000A0  _P2                                debug
     000000A0  __XPAGE                            
     000000A1  _SAFE_MOD                          debug
     000000A2  _XBUS_AUX                          debug
     000000A8  _EX0                               debug
     000000A8  _IE                                debug
     000000A9  _ET0                               debug
     000000A9  _WAKE_CTRL                         debug
     000000AA  _EX1                               debug
     000000AB  _ET1                               debug
     000000AC  _ES                                debug
     000000AD  _ET2                               debug
     000000AE  _E_DIS                             debug
     000000AF  _EA                                debug
     000000B0  _BUTT1                             UsbHost_Mouse
     000000B0  _P3                                debug
     000000B0  _PWM1_                             debug
     000000B0  _RXD                               debug
ASxxxx Linker V03.00 + NoICE + sdld,  page 5.
Hexadecimal  [32-Bits]

Area                                    Addr        Size        Decimal Bytes (Attributes)
--------------------------------        ----        ----        ------- ----- ------------
.  .ABS.                            00000000    00000000 =           0. bytes (ABS,CON)

      Value  Global                              Global Defined In Module
      -----  --------------------------------   ------------------------
     000000B1  _BUTT0                             UsbHost_Mouse
     000000B1  _GLOBAL_CFG                        debug
     000000B1  _PWM2_                             debug
     000000B1  _TXD                               debug
     000000B2  _AIN3                              debug
     000000B2  _INT0                              debug
     000000B2  _TXD1_                             debug
     000000B2  _VBUS1                             debug
     000000B3  _INT1                              debug
     000000B4  _PWM2                              debug
     000000B4  _RXD1_                             debug
     000000B4  _T0                                debug
     000000B5  _T1                                debug
     000000B6  _UDP                               debug
     000000B7  _UDM                               debug
     000000B8  _IP                                debug
     000000B8  _PX0                               debug
     000000B9  _CLOCK_CFG                         debug
     000000B9  _PT0                               debug
     000000BA  _PX1                               debug
     000000BB  _PT1                               debug
     000000BC  _PS                                debug
     000000BD  _PT2                               debug
     000000BE  _PL_FLAG                           debug
     000000BF  _PH_FLAG                           debug
     000000C0  _SCON1                             debug
     000000C0  _U1RI                              debug
     000000C1  _SBUF1                             debug
     000000C1  _U1TI                              debug
     000000C2  _SBAUD1                            debug
     000000C2  _U1RB8                             debug
     000000C3  _TKEY_CTRL                         debug
     000000C3  _U1TB8                             debug
     000000C4  _TKEY_DATL                         debug
     000000C4  _U1REN                             debug
     000000C5  _TKEY_DATH                         debug
     000000C5  _U1SMOD                            debug
     000000C6  _PIN_FUNC                          debug
     000000C7  _GPIO_IE                           debug
     000000C7  _U1SM0                             debug
     000000C8  _CP_RL2                            debug
     000000C8  _T2CON                             debug
     000000C9  _C_T2                              debug
     000000C9  _T2MOD                             debug
     000000CA  _RCAP2L                            debug
     000000CA  _TR2                               debug
     000000CB  _EXEN2                             debug
     000000CB  _RCAP2H                            debug
     000000CC  _TCLK                              debug
     000000CC  _TL2                               debug
     000000CD  _RCLK                              debug
ASxxxx Linker V03.00 + NoICE + sdld,  page 6.
Hexadecimal  [32-Bits]

Area                                    Addr        Size        Decimal Bytes (Attributes)
--------------------------------        ----        ----        ------- ----- ------------
.  .ABS.                            00000000    00000000 =           0. bytes (ABS,CON)

      Value  Global                              Global Defined In Module
      -----  --------------------------------   ------------------------
     000000CD  _TH2                               debug
     000000CE  _EXF2                              debug
     000000CE  _T2CAP1L                           debug
     000000CF  _CAP1F                             debug
     000000CF  _T2CAP1H                           debug
     000000CF  _TF2                               debug
     000000D0  _P                                 debug
     000000D0  _PSW                               debug
     000000D1  _F1                                debug
     000000D1  _UDEV_CTRL                         debug
     000000D2  _OV                                debug
     000000D2  _UEP1_CTRL                         debug
     000000D3  _RS0                               debug
     000000D3  _UEP1_T_LEN                        debug
     000000D4  _RS1                               debug
     000000D4  _UEP2_CTRL                         debug
     000000D5  _F0                                debug
     000000D5  _UEP2_T_LEN                        debug
     000000D6  _AC                                debug
     000000D6  _UEP3_CTRL                         debug
     000000D7  _CY                                debug
     000000D7  _UEP3_T_LEN                        debug
     000000D8  _UIF_BUS_RST                       debug
     000000D8  _UIF_DETECT                        debug
     000000D8  _USB_INT_FG                        debug
     000000D9  _UIF_TRANSFER                      debug
     000000D9  _USB_INT_ST                        debug
     000000DA  _UIF_SUSPEND                       debug
     000000DA  _USB_MIS_ST                        debug
     000000DB  _UIF_HST_SOF                       debug
     000000DB  _USB_RX_LEN                        debug
     000000DC  _UEP0_CTRL                         debug
     000000DC  _UIF_FIFO_OV                       debug
     000000DD  _UEP0_T_LEN                        debug
     000000DD  _U_SIE_FREE                        debug
     000000DE  _UEP4_CTRL                         debug
     000000DE  _U_TOG_OK                          debug
     000000DF  _UEP4_T_LEN                        debug
     000000DF  _U_IS_NAK                          debug
     000000E0  _ACC                               debug
     000000E1  _USB_INT_EN                        debug
     000000E2  _USB_CTRL                          debug
     000000E3  _USB_DEV_AD                        debug
     000000E4  _UEP2_DMA_L                        debug
     000000E5  _UEP2_DMA_H                        debug
     000000E6  _UEP3_DMA_L                        debug
     000000E7  _UEP3_DMA_H                        debug
     000000E8  _IE_EX                             debug
     000000E8  _IE_SPI0                           debug
     000000E9  _IE_TKEY                           debug
     000000E9  _IP_EX                             debug
ASxxxx Linker V03.00 + NoICE + sdld,  page 7.
Hexadecimal  [32-Bits]

Area                                    Addr        Size        Decimal Bytes (Attributes)
--------------------------------        ----        ----        ------- ----- ------------
.  .ABS.                            00000000    00000000 =           0. bytes (ABS,CON)

      Value  Global                              Global Defined In Module
      -----  --------------------------------   ------------------------
     000000EA  _IE_USB                            debug
     000000EA  _UEP4_1_MOD                        debug
     000000EB  _IE_ADC                            debug
     000000EB  _UEP2_3_MOD                        debug
     000000EC  _IE_UART1                          debug
     000000EC  _UEP0_DMA_L                        debug
     000000ED  _IE_PWMX                           debug
     000000ED  _UEP0_DMA_H                        debug
     000000EE  _IE_GPIO                           debug
     000000EE  _UEP1_DMA_L                        debug
     000000EF  _IE_WDOG                           debug
     000000EF  _UEP1_DMA_H                        debug
     000000F0  _B                                 debug
     000000F5  _B_5                               _gptrget
     000000F6  _B_6                               _gptrget
     000000F7  _B_7                               _gptrget
     000000F8  _S0_R_FIFO                         debug
     000000F8  _SPI0_STAT                         debug
     000000F9  _SPI0_DATA                         debug
     000000FA  _S0_T_FIFO                         debug
     000000FA  _SPI0_CTRL                         debug
     000000FB  _S0_FREE                           debug
     000000FB  _SPI0_CK_SE                        debug
     000000FC  _S0_IF_BYTE                        debug
     000000FC  _SPI0_SETUP                        debug
     000000FD  _S0_IF_FIRST                       debug
     000000FE  _RESET_KEEP                        debug
     000000FE  _S0_IF_OV                          debug
     000000FF  _S0_FST_ACT                        debug
     000000FF  _WDOG_COUNT                        debug
     00008584  _ROM_ADDR                          debug
     00008F8E  _ROM_DATA                          debug
     0000C5C4  _TKEY_DAT                          debug
     0000CBCA  _RCAP2                             debug
     0000CDCC  _T2COUNT                           debug
     0000CFCE  _T2CAP1                            debug
     0000E5E4  _UEP2_DMA                          debug
     0000E7E6  _UEP3_DMA                          debug
     0000EDEC  _UEP0_DMA                          debug
     0000EFEE  _UEP1_DMA                          debug
ASxxxx Linker V03.00 + NoICE + sdld,  page 8.
Hexadecimal  [32-Bits]

Area                                    Addr        Size        Decimal Bytes (Attributes)
--------------------------------        ----        ----        ------- ----- ------------
BSEG_BYTES                          00000020    00000001 =           1. bytes (REL,CON)

      Value  Global                              Global Defined In Module
      -----  --------------------------------   ------------------------
ASxxxx Linker V03.00 + NoICE + sdld,  page 9.
Hexadecimal  [32-Bits]

Area                                    Addr        Size        Decimal Bytes (Attributes)
--------------------------------        ----        ----        ------- ----- ------------
REG_BANK_0                          00000000    00000008 =           8. bytes (REL,OVR)

      Value  Global                              Global Defined In Module
      -----  --------------------------------   ------------------------
ASxxxx Linker V03.00 + NoICE + sdld,  page 10.
Hexadecimal  [32-Bits]

Area                                    Addr        Size        Decimal Bytes (Attributes)
--------------------------------        ----        ----        ------- ----- ------------
REG_BANK_1                          00000008    00000008 =           8. bytes (REL,OVR)

      Value  Global                              Global Defined In Module
      -----  --------------------------------   ------------------------
ASxxxx Linker V03.00 + NoICE + sdld,  page 11.
Hexadecimal  [32-Bits]

Area                                    Addr        Size        Decimal Bytes (Attributes)
--------------------------------        ----        ----        ------- ----- ------------
DSEG                                00000000    00000080 =         128. bytes (REL,CON)

      Value  Global                              Global Defined In Module
      -----  --------------------------------   ------------------------
     00000010  _Set_Port                          UsbHost_Mouse
     00000011  _xdelta                            UsbHost_Mouse
     00000013  _ydelta                            UsbHost_Mouse
     00000015  _xval                              UsbHost_Mouse
     00000017  _yval                              UsbHost_Mouse
     00000019  _xcnt                              UsbHost_Mouse
     0000001A  _ycnt                              UsbHost_Mouse
     0000001B  _xph                               UsbHost_Mouse
     0000001C  _yph                               UsbHost_Mouse
     00000021  _USBHostTransact_PARM_2            usbhost
     00000022  _USBHostTransact_PARM_3            usbhost
     00000025  _HostCtrlTransfer_PARM_2           usbhost
     00000034  _HubSetPortFeature_PARM_2          usbhost
     00000035  _HubClearPortFeature_PARM_2        usbhost
     00000036  _AnalyzeHidIntEndp_PARM_2          usbhost
     00000039  _AnalyzeBulkEndp_PARM_2            usbhost

ASxxxx Linker V03.00 + NoICE + sdld,  page 12.
Hexadecimal  [32-Bits]

Area                                    Addr        Size        Decimal Bytes (Attributes)
--------------------------------        ----        ----        ------- ----- ------------
OSEG                                0000001D    00000003 =           3. bytes (REL,OVR)

      Value  Global                              Global Defined In Module
      -----  --------------------------------   ------------------------
     0000001D  __gptrput_PARM_2                   _gptrput
     0000001D  _memset_PARM_2                     _memset
     0000001E  _memset_PARM_3                     _memset
ASxxxx Linker V03.00 + NoICE + sdld,  page 13.
Hexadecimal  [32-Bits]

Area                                    Addr        Size        Decimal Bytes (Attributes)
--------------------------------        ----        ----        ------- ----- ------------
SSEG                                0000004F    000000B1 =         177. bytes (REL,OVR)

      Value  Global                              Global Defined In Module
      -----  --------------------------------   ------------------------
     0000004F  __start__stack                     UsbHost_Mouse

ASxxxx Linker V03.00 + NoICE + sdld,  page 14.
Hexadecimal  [32-Bits]

Area                                    Addr        Size        Decimal Bytes (Attributes)
--------------------------------        ----        ----        ------- ----- ------------
XSEG                                00000080    000000B6 =         182. bytes (REL,CON,XDATA)

      Value  Global                              Global Defined In Module
      -----  --------------------------------   ------------------------
D:   00000080  _UsbDevEndp0Size                   UsbHost_Mouse
D:   00000081  _ThisUsbDev                        UsbHost_Mouse
D:   0000008E  _DevOnHubPort                      UsbHost_Mouse
D:   000000BE  _Com_Buffer                        usbhost

ASxxxx Linker V03.00 + NoICE + sdld,  page 15.
Hexadecimal  [32-Bits]

Area                                    Addr        Size        Decimal Bytes (Attributes)
--------------------------------        ----        ----        ------- ----- ------------
HOME                                00000000    00000011 =          17. bytes (REL,CON,CODE)

      Value  Global                              Global Defined In Module
      -----  --------------------------------   ------------------------
C:   0000000E  __sdcc_program_startup             UsbHost_Mouse

ASxxxx Linker V03.00 + NoICE + sdld,  page 16.
Hexadecimal  [32-Bits]

Area                                    Addr        Size        Decimal Bytes (Attributes)
--------------------------------        ----        ----        ------- ----- ------------
GSINIT0                             00000011    00000003 =           3. bytes (REL,CON,CODE)

      Value  Global                              Global Defined In Module
      -----  --------------------------------   ------------------------
C:   00000011  __sdcc_gsinit_startup              

ASxxxx Linker V03.00 + NoICE + sdld,  page 17.
Hexadecimal  [32-Bits]

Area                                    Addr        Size        Decimal Bytes (Attributes)
--------------------------------        ----        ----        ------- ----- ------------
GSINIT2                             00000014    0000000A =          10. bytes (REL,CON,CODE)

      Value  Global                              Global Defined In Module
      -----  --------------------------------   ------------------------
ASxxxx Linker V03.00 + NoICE + sdld,  page 18.
Hexadecimal  [32-Bits]

Area                                    Addr        Size        Decimal Bytes (Attributes)
--------------------------------        ----        ----        ------- ----- ------------
GSINIT3                             0000001E    00000022 =          34. bytes (REL,CON,CODE)

      Value  Global                              Global Defined In Module
      -----  --------------------------------   ------------------------
C:   0000001E  __mcs51_genXINIT                   

ASxxxx Linker V03.00 + NoICE + sdld,  page 19.
Hexadecimal  [32-Bits]

Area                                    Addr        Size        Decimal Bytes (Attributes)
--------------------------------        ----        ----        ------- ----- ------------
GSINIT4                             00000040    0000002A =          42. bytes (REL,CON,CODE)

      Value  Global                              Global Defined In Module
      -----  --------------------------------   ------------------------
C:   00000040  __mcs51_genRAMCLEAR                
C:   00000046  __mcs51_genXRAMCLEAR               

ASxxxx Linker V03.00 + NoICE + sdld,  page 20.
Hexadecimal  [32-Bits]

Area                                    Addr        Size        Decimal Bytes (Attributes)
--------------------------------        ----        ----        ------- ----- ------------
GSINIT                              0000006A    0000001C =          28. bytes (REL,CON,CODE)

      Value  Global                              Global Defined In Module
      -----  --------------------------------   ------------------------
ASxxxx Linker V03.00 + NoICE + sdld,  page 21.
Hexadecimal  [32-Bits]

Area                                    Addr        Size        Decimal Bytes (Attributes)
--------------------------------        ----        ----        ------- ----- ------------
GSFINAL                             00000086    00000003 =           3. bytes (REL,CON,CODE)

      Value  Global                              Global Defined In Module
      -----  --------------------------------   ------------------------
ASxxxx Linker V03.00 + NoICE + sdld,  page 22.
Hexadecimal  [32-Bits]

Area                                    Addr        Size        Decimal Bytes (Attributes)
--------------------------------        ----        ----        ------- ----- ------------
CSEG                                00000089    00001A1B =        6683. bytes (REL,CON,CODE)

      Value  Global                              Global Defined In Module
      -----  --------------------------------   ------------------------
C:   00000089  _Timer0_ISR                        UsbHost_Mouse
C:   000000FB  _main                              UsbHost_Mouse
C:   000002AC  _DisableRootHubPort                usbhost
C:   000002B6  _AnalyzeRootHub                    usbhost
C:   000002E7  _SetHostUsbAddr                    usbhost
C:   000002FE  _SetUsbSpeed                       usbhost
C:   00000311  _ResetRootHubPort                  usbhost
C:   00000354  _EnableRootHubPort                 usbhost
C:   000003A6  _SelectHubPort                     usbhost
C:   00000426  _WaitUSB_Interrupt                 usbhost
C:   00000448  _USBHostTransact                   usbhost
C:   00000587  _HostCtrlTransfer                  usbhost
C:   000007B9  _CopySetupReqPkg                   usbhost
C:   00000816  _CtrlGetDeviceDescr                usbhost
C:   00000855  _CtrlGetConfigDescr                usbhost
C:   000008AB  _CtrlSetUsbAddress                 usbhost
C:   000008F0  _CtrlSetUsbConfig                  usbhost
C:   00000919  _CtrlClearEndpStall                usbhost
C:   00000942  _CtrlSetUsbIntercace               usbhost
C:   0000096B  _CtrlGetHIDDeviceReport            usbhost
C:   000009D5  _CtrlGetHubDescr                   usbhost
C:   00000A06  _HubGetPortStatus                  usbhost
C:   00000A54  _HubSetPortFeature                 usbhost
C:   00000A8B  _HubClearPortFeature               usbhost
C:   00000AC2  _AnalyzeHidIntEndp                 usbhost
C:   00000C04  _AnalyzeBulkEndp                   usbhost
C:   00000DE9  _InitRootDevice                    usbhost
C:   0000115D  _EnumAllRootDevice                 usbhost
C:   00001175  _InitDevOnHub                      usbhost
C:   0000154E  _EnumHubPort                       usbhost
C:   000017AA  _EnumAllHubPort                    usbhost
C:   000017CF  _SearchTypeDevice                  usbhost
C:   0000187E  _SETorOFFNumLock                   usbhost
C:   000019AD  _InitUSB_Host                      usbhost
C:   000019E4  _CfgFsys                           debug
C:   000019F8  _mDelayuS                          debug
C:   00001A0E  _mDelaymS                          debug
C:   00001A2C  _putchar                           debug
C:   00001A3C  _getchar                           debug
C:   00001A4A  _memset                            _memset
C:   00001A69  __gptrput                          _gptrput
C:   00001A84  __gptrget                          _gptrget
C:   00001AA0  __sdcc_external_startup            _startup

ASxxxx Linker V03.00 + NoICE + sdld,  page 23.
Hexadecimal  [32-Bits]

Area                                    Addr        Size        Decimal Bytes (Attributes)
--------------------------------        ----        ----        ------- ----- ------------
CONST                               00001AA4    000000CA =         202. bytes (REL,CON,CODE)

      Value  Global                              Global Defined In Module
      -----  --------------------------------   ------------------------
C:   00001AA4  _SetupGetDevDescr                  UsbHost_Mouse
C:   00001AAC  _SetupGetCfgDescr                  UsbHost_Mouse
C:   00001AB4  _SetupSetUsbAddr                   UsbHost_Mouse
C:   00001ABC  _SetupSetUsbConfig                 UsbHost_Mouse
C:   00001AC4  _SetupSetUsbInterface              UsbHost_Mouse
C:   00001ACC  _SetupClrEndpStall                 UsbHost_Mouse
C:   00001AD4  _SetupGetHubDescr                  UsbHost_Mouse
C:   00001ADC  _SetupSetHIDIdle                   UsbHost_Mouse
C:   00001AE4  _SetupGetHIDDevReport              UsbHost_Mouse
C:   00001AEC  _GetProtocol                       UsbHost_Mouse
C:   00001AF4  _Sendlen                           UsbHost_Mouse
C:   00001AFB  _StringID                          UsbHost_Mouse
C:   00001B3E  _SetStringID                       UsbHost_Mouse

ASxxxx Linker V03.00 + NoICE + sdld,  page 24.

Files Linked                              [ module(s) ]

UsbHost_Mouse.rel                         [  ]
usbhost.rel                               [  ]
debug.rel                                 [  ]


Libraries Linked                          [ object file ]

/usr/bin/../share/sdcc/lib/small/mcs51.lib
                                          [ crtclear.rel ]
/usr/bin/../share/sdcc/lib/small/libsdcc.lib
                                          [ _memset.rel ]
/usr/bin/../share/sdcc/lib/small/mcs51.lib
                                          [ crtxinit.rel ]
/usr/bin/../share/sdcc/lib/small/libsdcc.lib
                                          [ _gptrput.rel ]
/usr/bin/../share/sdcc/lib/small/mcs51.lib
                                          [ crtxclear.rel ]
/usr/bin/../share/sdcc/lib/small/mcs51.lib
                                          [ crtpagesfr.rel ]
/usr/bin/../share/sdcc/lib/small/mcs51.lib
                                          [ crtstart.rel ]
/usr/bin/../share/sdcc/lib/small/libsdcc.lib
                                          [ _gptrget.rel ]
/usr/bin/../share/sdcc/lib/small/libsdcc.lib
                                          [ _startup.rel ]

ASxxxx Linker V03.00 + NoICE + sdld,  page 25.

User Base Address Definitions

HOME = 0x0000
XSEG = 0x0080
PSEG = 0x0080
ISEG = 0x0000
BSEG = 0x0000

